####################
Test - Semi - 03/30 22:12
####################
Prediction: 1826	Reality: 1378	Hit: 81.0
Precision: 0.0443592552026	Recall: 0.0587808417997	F1-Score: 0.0505617977528

########################################
Test - Semi - 03/30 22:42
####################
Prediction: 1826	Reality: 1378	Hit: 85.0
Precision: 0.0465498357065	Recall: 0.0616835994194	F1-Score: 0.0530586766542

########################################
Test - Semi - 03/30 22:56
####################
Prediction: 1826	Reality: 1378	Hit: 85.0
Precision: 4.65%	Recall: 6.17%	F1-Score: 5.31%

########################################
Test - Semi - 03/30 23:00
####################
Prediction: 1826	Reality: 1378	Hit: 85.0
Precision: 4.65%	Recall: 6.17%	F1-Score: 5.31%

########################################
Test - Semi - 03/30 23:03
####################
Prediction: 1826	Reality: 1378	Hit: 79.0
Precision: 4.33%	Recall: 5.73%	F1-Score: 4.93%

########################################
Test - Semi - 03/30 23:11
####################
Prediction: 1826	Reality: 1378	Hit: 84.0
Precision: 4.60%	Recall: 6.10%	F1-Score: 5.24%

####################